I'm sorry, but errors were detected in your script. Please correct the
errors listed below, and try again.


File "game/script.rpy", line 183: Line is indented, but the preceding say statement statement does not expect a block. Please check this line's indentation.
    menu:
    ^

File "game/script.rpy", line 193: Line is indented, but the preceding say statement statement does not expect a block. Please check this line's indentation.
    menu:
    ^

File "game/script.rpy", line 203: Line is indented, but the preceding say statement statement does not expect a block. Please check this line's indentation.
    menu:
    ^

Ren'Py Version: Ren'Py 7.4.6.1693
Wed Aug 25 21:55:59 2021
